c:\users\thoma\source\repos\nesemu\wintendo\wintendocore\x64\dynamicrelease\vc142.pdb
c:\users\thoma\source\repos\nesemu\wintendo\wintendocore\x64\dynamicrelease\stdafx.obj
c:\users\thoma\source\repos\nesemu\wintendo\wintendocore\x64\dynamicrelease\wintendomain.obj
c:\users\thoma\source\repos\nesemu\wintendo\wintendocore\x64\dynamicrelease\systemserialize.obj
c:\users\thoma\source\repos\nesemu\wintendo\wintendocore\x64\dynamicrelease\state.obj
c:\users\thoma\source\repos\nesemu\wintendo\wintendocore\x64\dynamicrelease\nessystem.obj
c:\users\thoma\source\repos\nesemu\wintendo\wintendocore\x64\dynamicrelease\command.obj
c:\users\thoma\source\repos\nesemu\wintendo\wintendocore\x64\dynamicrelease\serializer.obj
c:\users\thoma\source\repos\nesemu\wintendo\wintendocore\x64\dynamicrelease\ppu.obj
c:\users\thoma\source\repos\nesemu\wintendo\wintendocore\x64\dynamicrelease\mos6502.obj
c:\users\thoma\source\repos\nesemu\wintendo\wintendocore\x64\dynamicrelease\apu.obj
c:\users\thoma\source\repos\nesemu\wintendo\wintendocore\x64\dynamicrelease\interface.obj
c:\users\thoma\source\repos\nesemu\wintendo\wintendocore\x64\dynamicrelease\debug.obj
c:\users\thoma\source\repos\nesemu\wintendo\wintendocore\x64\dynamicrelease\wintendocore.ipdb
c:\users\thoma\source\repos\nesemu\wintendo\wintendocore\x64\dynamicrelease\wintendocore.iobj
c:\users\thoma\source\repos\nesemu\wintendo\x64\dynamicrelease\wintendocore.pdb
c:\users\thoma\source\repos\nesemu\wintendo\wintendocore\x64\dynamicrelease\wintendocore.tlog\cl.command.1.tlog
c:\users\thoma\source\repos\nesemu\wintendo\wintendocore\x64\dynamicrelease\wintendocore.tlog\cl.read.1.tlog
c:\users\thoma\source\repos\nesemu\wintendo\wintendocore\x64\dynamicrelease\wintendocore.tlog\cl.write.1.tlog
c:\users\thoma\source\repos\nesemu\wintendo\wintendocore\x64\dynamicrelease\wintendocore.tlog\link-cvtres.read.1.tlog
c:\users\thoma\source\repos\nesemu\wintendo\wintendocore\x64\dynamicrelease\wintendocore.tlog\link-cvtres.write.1.tlog
c:\users\thoma\source\repos\nesemu\wintendo\wintendocore\x64\dynamicrelease\wintendocore.tlog\link-rc.read.1.tlog
c:\users\thoma\source\repos\nesemu\wintendo\wintendocore\x64\dynamicrelease\wintendocore.tlog\link-rc.write.1.tlog
c:\users\thoma\source\repos\nesemu\wintendo\wintendocore\x64\dynamicrelease\wintendocore.tlog\link.command.1.tlog
c:\users\thoma\source\repos\nesemu\wintendo\wintendocore\x64\dynamicrelease\wintendocore.tlog\link.read.1.tlog
c:\users\thoma\source\repos\nesemu\wintendo\wintendocore\x64\dynamicrelease\wintendocore.tlog\link.write.1.tlog
